2026-04-05 17:29:42 - __main__ - INFO - Starting Email Intent Detection training pipeline.
2026-04-05 17:29:42 - src.pipeline.training_pipeline - INFO - ============================================================
2026-04-05 17:29:42 - src.pipeline.training_pipeline - INFO - STEP 1: Data Ingestion
2026-04-05 17:29:42 - src.pipeline.training_pipeline - INFO - ============================================================
2026-04-05 17:29:42 - src.components.data_ingestion - WARNING - Raw data directory not found: artifacts/raw_emails. Creating a small synthetic dataset for demonstration.
2026-04-05 17:29:42 - src.components.data_ingestion - INFO - Created synthetic dataset with 64 samples at artifacts/ingested/emails.csv
2026-04-05 17:29:42 - src.pipeline.training_pipeline - INFO - Ingested 64 records from artifacts/ingested/emails.csv
2026-04-05 17:29:42 - src.pipeline.training_pipeline - INFO - ============================================================
2026-04-05 17:29:42 - src.pipeline.training_pipeline - INFO - STEP 2: Data Validation
2026-04-05 17:29:42 - src.pipeline.training_pipeline - INFO - ============================================================
2026-04-05 17:29:42 - src.components.data_validation - INFO - Schema validation passed. All expected columns present.
2026-04-05 17:29:42 - src.components.data_validation - INFO - All intent labels are valid: ['request', 'inform', 'schedule', 'follow_up', 'complaint', 'inquiry', 'approval', 'rejection']
2026-04-05 17:29:42 - src.components.data_validation - INFO - No rows with empty text found.
2026-04-05 17:29:42 - src.components.data_validation - INFO - No duplicate rows found.
2026-04-05 17:29:42 - src.components.data_validation - INFO - Sample count check passed: 64 >= 20
2026-04-05 17:29:42 - src.components.data_validation - INFO - Intent distribution (counts):
intent
request      8
inform       8
schedule     8
follow_up    8
complaint    8
inquiry      8
approval     8
rejection    8
2026-04-05 17:29:42 - src.components.data_validation - INFO - Intent distribution (proportions):
request      0.125
inform       0.125
schedule     0.125
follow_up    0.125
complaint    0.125
inquiry      0.125
approval     0.125
rejection    0.125
2026-04-05 17:29:42 - src.components.data_validation - INFO - Data validation PASSED. Report: {'passed': True, 'total_samples': 64, 'schema_valid': True, 'intents_valid': True, 'invalid_labels': [], 'empty_text_rows': 0, 'duplicate_rows': 0, 'min_samples_met': True, 'distribution': {'request': 0.125, 'inform': 0.125, 'schedule': 0.125, 'follow_up': 0.125, 'complaint': 0.125, 'inquiry': 0.125, 'approval': 0.125, 'rejection': 0.125}, 'errors': []}
2026-04-05 17:29:42 - src.pipeline.training_pipeline - INFO - Data validation passed.
2026-04-05 17:29:42 - src.pipeline.training_pipeline - INFO - ============================================================
2026-04-05 17:29:42 - src.pipeline.training_pipeline - INFO - STEP 3: Data Transformation
2026-04-05 17:29:42 - src.pipeline.training_pipeline - INFO - ============================================================
2026-04-05 17:29:42 - src.components.data_transformation - INFO - Starting data transformation on 64 samples.
2026-04-05 17:29:42 - src.components.data_transformation - INFO - Splitting data: test_size=0.20
2026-04-05 17:29:42 - src.components.data_transformation - INFO - Split sizes: train=51, test=13
2026-04-05 17:29:42 - src.components.data_transformation - INFO - Fitting TF-IDF vectorizer (max_features=15000, ngram_range=[1, 2]).
2026-04-05 17:29:42 - src.components.data_transformation - INFO - TF-IDF matrix shapes: train=(51, 223), test=(13, 223)
2026-04-05 17:29:42 - src.utils.common - INFO - Object saved to artifacts/transformed/tfidf_vectorizer.pkl
2026-04-05 17:29:42 - src.components.data_transformation - INFO - Saved TF-IDF vectorizer to artifacts/transformed/tfidf_vectorizer.pkl
2026-04-05 17:29:42 - src.pipeline.training_pipeline - INFO - Transformation complete. Train shape: (51, 223), Test shape: (13, 223)
2026-04-05 17:29:42 - src.pipeline.training_pipeline - INFO - ============================================================
2026-04-05 17:29:42 - src.pipeline.training_pipeline - INFO - STEP 4: Model Training
2026-04-05 17:29:42 - src.pipeline.training_pipeline - INFO - ============================================================
2026-04-05 17:29:42 - src.components.model_trainer - INFO - Training LinearSVC...
2026-04-05 17:29:42 - src.components.model_trainer - INFO - LinearSVC weighted F1: 0.3333
2026-04-05 17:29:42 - src.components.model_trainer - INFO - Training LogisticRegression...
2026-04-05 17:29:42 - src.components.model_trainer - INFO - LogisticRegression weighted F1: 0.3846
2026-04-05 17:29:42 - src.components.model_trainer - INFO - Training MultinomialNB...
2026-04-05 17:29:42 - src.components.model_trainer - INFO - MultinomialNB weighted F1: 0.3590
2026-04-05 17:29:42 - src.components.model_trainer - INFO - Best model: LogisticRegression with weighted F1 = 0.3846
2026-04-05 17:29:42 - src.components.model_trainer - WARNING - Best F1 score (0.3846) is below threshold (0.5000). Model may not be production-ready.
2026-04-05 17:29:42 - src.utils.common - INFO - Object saved to artifacts/models/best_model.pkl
2026-04-05 17:29:42 - src.components.model_trainer - INFO - Saved best model (LogisticRegression) to artifacts/models/best_model.pkl
2026-04-05 17:29:42 - src.utils.common - INFO - Object saved to artifacts/models/all_models.pkl
2026-04-05 17:29:42 - src.pipeline.training_pipeline - INFO - Best model: LogisticRegression (F1=0.3846)
2026-04-05 17:29:42 - src.pipeline.training_pipeline - INFO - ============================================================
2026-04-05 17:29:42 - src.pipeline.training_pipeline - INFO - STEP 5: Model Evaluation
2026-04-05 17:29:42 - src.pipeline.training_pipeline - INFO - ============================================================
2026-04-05 17:29:42 - src.components.model_evaluation - INFO - Evaluating model: LogisticRegression
2026-04-05 17:29:42 - src.components.model_evaluation - INFO - Overall metrics: {'model_name': 'LogisticRegression', 'accuracy': 0.46153846153846156, 'weighted_f1': 0.38461538461538464, 'macro_f1': 0.39583333333333326, 'weighted_precision': 0.38461538461538464, 'weighted_recall': 0.46153846153846156}
2026-04-05 17:29:42 - src.components.model_evaluation - INFO - Per-intent metrics:
2026-04-05 17:29:42 - src.components.model_evaluation - INFO -   approval: precision=0.000, recall=0.000, f1=0.000 (n=1)
2026-04-05 17:29:42 - src.components.model_evaluation - INFO -   complaint: precision=0.500, recall=1.000, f1=0.667 (n=1)
2026-04-05 17:29:42 - src.components.model_evaluation - INFO -   follow_up: precision=1.000, recall=0.500, f1=0.667 (n=2)
2026-04-05 17:29:42 - src.components.model_evaluation - INFO -   inform: precision=0.500, recall=0.500, f1=0.500 (n=2)
2026-04-05 17:29:42 - src.components.model_evaluation - INFO -   inquiry: precision=0.000, recall=0.000, f1=0.000 (n=2)
2026-04-05 17:29:42 - src.components.model_evaluation - INFO -   rejection: precision=0.500, recall=1.000, f1=0.667 (n=1)
2026-04-05 17:29:42 - src.components.model_evaluation - INFO -   request: precision=0.000, recall=0.000, f1=0.000 (n=2)
2026-04-05 17:29:42 - src.components.model_evaluation - INFO -   schedule: precision=0.500, recall=1.000, f1=0.667 (n=2)
2026-04-05 17:29:42 - src.components.model_evaluation - INFO - Classification Report:
              precision    recall  f1-score   support

    approval       0.00      0.00      0.00         1
   complaint       0.50      1.00      0.67         1
   follow_up       1.00      0.50      0.67         2
      inform       0.50      0.50      0.50         2
     inquiry       0.00      0.00      0.00         2
   rejection       0.50      1.00      0.67         1
     request       0.00      0.00      0.00         2
    schedule       0.50      1.00      0.67         2

    accuracy                           0.46        13
   macro avg       0.38      0.50      0.40        13
weighted avg       0.38      0.46      0.38        13

2026-04-05 17:29:42 - src.components.model_evaluation - INFO - Strongest intent: complaint (F1=0.667), Weakest intent: approval (F1=0.000)
2026-04-05 17:29:42 - src.components.model_evaluation - INFO - Saved evaluation report to artifacts/evaluation/evaluation_logisticregression.json
2026-04-05 17:29:42 - src.components.model_evaluation - INFO - Saved text report to artifacts/evaluation/report_logisticregression.txt
2026-04-05 17:29:42 - src.pipeline.training_pipeline - INFO - ============================================================
2026-04-05 17:29:42 - src.pipeline.training_pipeline - INFO - TRAINING PIPELINE COMPLETE
2026-04-05 17:29:42 - src.pipeline.training_pipeline - INFO - ============================================================
2026-04-05 17:29:42 - src.pipeline.training_pipeline - INFO - Pipeline results: {'csv_path': 'artifacts/ingested/emails.csv', 'total_samples': 64, 'best_model_name': 'LogisticRegression', 'all_scores': {'LinearSVC': 0.3333333333333333, 'LogisticRegression': 0.38461538461538464, 'MultinomialNB': 0.3589743589743589}, 'best_f1': 0.38461538461538464}
